
CY@DESKTOP-5VO0M2H MINGW64 ~
$ ls
'3D Objects'/             NTUSER.DAT{205ae429-1bfb-11e9-ad23-99f610414b34}.TxR.0.regtrans-ms
 Anaconda3/               NTUSER.DAT{205ae429-1bfb-11e9-ad23-99f610414b34}.TxR.1.regtrans-ms
 AppData/                 NTUSER.DAT{205ae429-1bfb-11e9-ad23-99f610414b34}.TxR.2.regtrans-ms
'Application Data'@       NTUSER.DAT{205ae429-1bfb-11e9-ad23-99f610414b34}.TxR.blf
 Contacts/                NTUSER.DAT{205ae42a-1bfb-11e9-ad23-99f610414b34}.TM.blf
 Cookies@                 NTUSER.DAT{205ae42a-1bfb-11e9-ad23-99f610414b34}.TMContainer00000000000000000001.regtrans-ms
 Desktop/                 NTUSER.DAT{205ae42a-1bfb-11e9-ad23-99f610414b34}.TMContainer00000000000000000002.regtrans-ms
 Documents/               ntuser.ini
 Downloads/               OneDrive/
 Favorites/               Pictures/
 IntelGraphicsProfiles/   PrintHood@
 Links/                   REACHit/
'Local Settings'@         Recent@
 MicrosoftEdgeBackups/    RUTJER201901DATA3/
 Music/                  'Saved Games'/
'My Documents'@           Searches/
 NetHood@                 SendTo@
 NTUSER.DAT              'Start Menu'@
 ntuser.dat.LOG1          Templates@
 ntuser.dat.LOG2          Videos/

CY@DESKTOP-5VO0M2H MINGW64 ~
$ cd my documents
bash: cd: too many arguments

CY@DESKTOP-5VO0M2H MINGW64 ~
$ cd My Documents
bash: cd: too many arguments

CY@DESKTOP-5VO0M2H MINGW64 ~
$ cd Documents

CY@DESKTOP-5VO0M2H MINGW64 ~/Documents
$ ls
'Custom Office Templates'/  'My Music'@     'My Videos'@    'Python Scripts'/
 desktop.ini                'My Pictures'@   PPC-software/   TurboTax/

CY@DESKTOP-5VO0M2H MINGW64 ~/Documents
$ mkdir Kickstarter

CY@DESKTOP-5VO0M2H MINGW64 ~/Documents
$ ls
'Custom Office Templates'/   Kickstarter/  'My Pictures'@   PPC-software/      TurboTax/
 desktop.ini                'My Music'@    'My Videos'@    'Python Scripts'/

CY@DESKTOP-5VO0M2H MINGW64 ~/Documents
$ cd kickstarter

CY@DESKTOP-5VO0M2H MINGW64 ~/Documents/kickstarter
$ ls

CY@DESKTOP-5VO0M2H MINGW64 ~/Documents/kickstarter
$ git clone https://github.com/cypolo/Kickstarter.git
Cloning into 'Kickstarter'...
remote: Enumerating objects: 3, done.
remote: Counting objects: 100% (3/3), done.
remote: Compressing objects: 100% (2/2), done.
remote: Total 3 (delta 0), reused 0 (delta 0), pack-reused 0
Unpacking objects: 100% (3/3), done.

CY@DESKTOP-5VO0M2H MINGW64 ~/Documents/kickstarter
$ ls
Kickstarter/

CY@DESKTOP-5VO0M2H MINGW64 ~/Documents/kickstarter
$ cd kickstarter

CY@DESKTOP-5VO0M2H MINGW64 ~/Documents/kickstarter/kickstarter (master)
$ git status
On branch master
Your branch is up to date with 'origin/master'.

Untracked files:
  (use "git add <file>..." to include in what will be committed)

        Test Demo.txt

nothing added to commit but untracked files present (use "git add" to track)

CY@DESKTOP-5VO0M2H MINGW64 ~/Documents/kickstarter/kickstarter (master)
$ git add .

CY@DESKTOP-5VO0M2H MINGW64 ~/Documents/kickstarter/kickstarter (master)
$ git commit -m'first commit'
[master c4bfaee] first commit
 1 file changed, 1 insertion(+)
 create mode 100644 Test Demo.txt

CY@DESKTOP-5VO0M2H MINGW64 ~/Documents/kickstarter/kickstarter (master)
$ git push origin master
Enumerating objects: 4, done.
Counting objects: 100% (4/4), done.
Delta compression using up to 4 threads
Compressing objects: 100% (2/2), done.
Writing objects: 100% (3/3), 284 bytes | 142.00 KiB/s, done.
Total 3 (delta 0), reused 0 (delta 0)
To https://github.com/cypolo/Kickstarter.git
   be52261..c4bfaee  master -> master

CY@DESKTOP-5VO0M2H MINGW64 ~/Documents/kickstarter/kickstarter (master)
$ git status
On branch master
Your branch is up to date with 'origin/master'.

nothing to commit, working tree clean

CY@DESKTOP-5VO0M2H MINGW64 ~/Documents/kickstarter/kickstarter (master)
$